âœ“ Successfully killed 3 session(s)

All Claude sessions have been terminated.