✓ Successfully killed 1 session(s)

ℹ Remaining sessions:

Error getting terminal size: operation not supported on socket
Claude Pilot Sessions
Backend: tmux

┏━━━━━━━━━━━━━━━━━┳━━━━━━━━━━━━━━━━━┳━━━━━━━━━┳━━━━━━━━━┳━━━━━━━━━━━━━━━━━┳━━━━━━━━━┳━━━━━━━━━━━━━━━━━━━━━━━━━┳━━━━━━━━┓
┃ID               ┃      Name       ┃ Status  ┃ Backend ┃     Created     ┃Last Act…┃Project                  ┃ Panes  ┃
┣━━━━━━━━━━━━━━━━━╋━━━━━━━━━━━━━━━━━╋━━━━━━━━━╋━━━━━━━━━╋━━━━━━━━━━━━━━━━━╋━━━━━━━━━╋━━━━━━━━━━━━━━━━━━━━━━━━━╋━━━━━━━━┫
│b2c3d4e5-9876-54…│  debug-session  │● active │  tmux   │ 2025-08-04 08:1…│ just no…│ .../Projects/debug-app  │   1    │
└─────────────────┘─────────────────┘─────────┘─────────┘─────────────────┘─────────┘─────────────────────────┘────────┘

Total: 1 sessions (1 active, 0 inactive)