d7e8f9a0-1234-5678-9abc-def012345678
b2c3d4e5-9876-5432-1abc-def987654321