Error getting terminal size: operation not supported on socket
Claude Pilot Sessions
Backend: tmux

┏━━━━━━━━━━━━━━━━━┳━━━━━━━━━━━━━━━━━┳━━━━━━━━━┳━━━━━━━━━┳━━━━━━━━━━━━━━━━━┳━━━━━━━━━┳━━━━━━━━━━━━━━━━━━━━━━━━━┳━━━━━━━━┓
┃ID               ┃      Name       ┃ Status  ┃ Backend ┃     Created     ┃Last Act…┃Project                  ┃ Panes  ┃
┣━━━━━━━━━━━━━━━━━╋━━━━━━━━━━━━━━━━━╋━━━━━━━━━╋━━━━━━━━━╋━━━━━━━━━━━━━━━━━╋━━━━━━━━━╋━━━━━━━━━━━━━━━━━━━━━━━━━╋━━━━━━━━┫
│d7e8f9a0-1234-56…│  example-sess   │● active │  tmux   │ 2025-08-04 10:3…│ 2h ago  │ .../Projects/my-project │   2    │
│b2c3d4e5-9876-54…│  debug-session  │○ inactive│  tmux   │ 2025-08-04 08:1…│ 4h ago  │ .../Projects/debug-app  │   1    │
└─────────────────┘─────────────────┘─────────┘─────────┘─────────────────┘─────────┘─────────────────────────┘────────┘

Total: 2 sessions (1 active, 1 inactive)
Available commands:

  → claude-pilot attach <session-name>
  → claude-pilot kill <session-name>
  → claude-pilot create [session-name]